Archive member included to satisfy reference by file (symbol)

C:\devkitpro/libtonc/lib\libtonc.a(tonc_oam.o)
                              home.o (oam_init)
C:\devkitpro/libtonc/lib\libtonc.a(tonc_input.o)
                              home.o (key_poll)
C:\devkitpro/libtonc/lib\libtonc.a(tte_main.o)
                              home.o (tte_erase_screen)
C:\devkitpro/libtonc/lib\libtonc.a(tte_init_se.o)
                              home.o (tte_init_se)
C:\devkitpro/libtonc/lib\libtonc.a(tonc_bios.o)
                              C:\devkitpro/libtonc/lib\libtonc.a(tonc_input.o) (VBlankIntrWait)
C:\devkitpro/libtonc/lib\libtonc.a(tonc_memcpy.o)
                              room.o (memcpy32)
C:\devkitpro/libtonc/lib\libtonc.a(tonc_bios_ex.o)
                              C:\devkitpro/libtonc/lib\libtonc.a(tte_main.o) (VBlankIntrDelay)
C:\devkitpro/libtonc/lib\libtonc.a(sys8.o)
                              C:\devkitpro/libtonc/lib\libtonc.a(tte_main.o) (sys8Font)
C:\devkitpro/libtonc/lib\libtonc.a(tonc_surface.o)
                              C:\devkitpro/libtonc/lib\libtonc.a(tte_init_se.o) (srf_init)
C:\devkitpro/libtonc/lib\libtonc.a(se_drawg.o)
                              C:\devkitpro/libtonc/lib\libtonc.a(tte_init_se.o) (se_erase)
C:\devkitpro/libtonc/lib\libtonc.a(tonc_sbmp16.o)
                              C:\devkitpro/libtonc/lib\libtonc.a(se_drawg.o) (sbmp16_rect)
C:\devkitpro/libtonc/lib\libtonc.a(tonc_memset.o)
                              C:\devkitpro/libtonc/lib\libtonc.a(tonc_sbmp16.o) (memset16)
C:/hemerson/Projetos/games/gba/game\libgfx.a(ball.o)
                              room.o (ballTiles)
C:/hemerson/Projetos/games/gba/game\libgfx.a(char.o)
                              room.o (charTiles)
c:/devkitpro/devkitarm/bin/../lib/gcc/arm-none-eabi/11.1.0/thumb\libgcc.a(_divsi3.o)
                              C:\devkitpro/libtonc/lib\libtonc.a(tte_main.o) (__aeabi_idiv)
c:/devkitpro/devkitarm/bin/../lib/gcc/arm-none-eabi/11.1.0/thumb\libgcc.a(_dvmd_tls.o)
                              c:/devkitpro/devkitarm/bin/../lib/gcc/arm-none-eabi/11.1.0/thumb\libgcc.a(_divsi3.o) (__aeabi_idiv0)
c:/devkitpro/devkitarm/bin/../lib/gcc/arm-none-eabi/11.1.0/../../../../arm-none-eabi/lib/thumb\libg.a(lib_a-ctype_.o)
                              C:\devkitpro/libtonc/lib\libtonc.a(tte_main.o) (_ctype_)
c:/devkitpro/devkitarm/bin/../lib/gcc/arm-none-eabi/11.1.0/../../../../arm-none-eabi/lib/thumb\libg.a(lib_a-init.o)
                              c:/devkitpro/devkitarm/bin/../lib/gcc/arm-none-eabi/11.1.0/../../../../arm-none-eabi/lib/thumb/gba_crt0.o (__libc_init_array)
c:/devkitpro/devkitarm/bin/../lib/gcc/arm-none-eabi/11.1.0/../../../../arm-none-eabi/lib/thumb\libg.a(lib_a-memset.o)
                              C:\devkitpro/libtonc/lib\libtonc.a(tte_main.o) (memset)
c:/devkitpro/devkitarm/bin/../lib/gcc/arm-none-eabi/11.1.0/../../../../arm-none-eabi/lib/thumb\libg.a(lib_a-rand.o)
                              main.o (srand)
c:/devkitpro/devkitarm/bin/../lib/gcc/arm-none-eabi/11.1.0/../../../../arm-none-eabi/lib/thumb\libg.a(lib_a-strtol.o)
                              C:\devkitpro/libtonc/lib\libtonc.a(tte_main.o) (strtol)
c:/devkitpro/devkitarm/bin/../lib/gcc/arm-none-eabi/11.1.0/../../../../arm-none-eabi/lib/thumb\libg.a(lib_a-time.o)
                              main.o (time)
c:/devkitpro/devkitarm/bin/../lib/gcc/arm-none-eabi/11.1.0/../../../../arm-none-eabi/lib/thumb\libg.a(lib_a-errno.o)
                              c:/devkitpro/devkitarm/bin/../lib/gcc/arm-none-eabi/11.1.0/../../../../arm-none-eabi/lib/thumb\libg.a(lib_a-strtol.o) (__errno)
c:/devkitpro/devkitarm/bin/../lib/gcc/arm-none-eabi/11.1.0/../../../../arm-none-eabi/lib/thumb\libsysbase.a(gettod.o)
                              c:/devkitpro/devkitarm/bin/../lib/gcc/arm-none-eabi/11.1.0/../../../../arm-none-eabi/lib/thumb\libg.a(lib_a-time.o) (_gettimeofday_r)
c:/devkitpro/devkitarm/bin/../lib/gcc/arm-none-eabi/11.1.0/../../../../arm-none-eabi/lib/thumb\libsysbase.a(malloc_vars.o)
                              c:/devkitpro/devkitarm/bin/../lib/gcc/arm-none-eabi/11.1.0/../../../../arm-none-eabi/lib/thumb/gba_crt0.o (fake_heap_end)
c:/devkitpro/devkitarm/bin/../lib/gcc/arm-none-eabi/11.1.0/../../../../arm-none-eabi/lib/thumb\libsysbase.a(syscall_support.o)
                              c:/devkitpro/devkitarm/bin/../lib/gcc/arm-none-eabi/11.1.0/../../../../arm-none-eabi/lib/thumb\libsysbase.a(gettod.o) (__syscalls)
c:/devkitpro/devkitarm/bin/../lib/gcc/arm-none-eabi/11.1.0/../../../../arm-none-eabi/lib/thumb\libsysbase.a(getreent.o)
                              c:/devkitpro/devkitarm/bin/../lib/gcc/arm-none-eabi/11.1.0/../../../../arm-none-eabi/lib/thumb\libg.a(lib_a-rand.o) (__getreent)
c:/devkitpro/devkitarm/bin/../lib/gcc/arm-none-eabi/11.1.0/thumb\libgcc.a(_udivsi3.o)
                              c:/devkitpro/devkitarm/bin/../lib/gcc/arm-none-eabi/11.1.0/../../../../arm-none-eabi/lib/thumb\libg.a(lib_a-strtol.o) (__aeabi_uidivmod)
c:/devkitpro/devkitarm/bin/../lib/gcc/arm-none-eabi/11.1.0/thumb\libgcc.a(_muldi3.o)
                              c:/devkitpro/devkitarm/bin/../lib/gcc/arm-none-eabi/11.1.0/../../../../arm-none-eabi/lib/thumb\libg.a(lib_a-rand.o) (__aeabi_lmul)
c:/devkitpro/devkitarm/bin/../lib/gcc/arm-none-eabi/11.1.0/../../../../arm-none-eabi/lib/thumb\libg.a(lib_a-impure.o)
                              c:/devkitpro/devkitarm/bin/../lib/gcc/arm-none-eabi/11.1.0/../../../../arm-none-eabi/lib/thumb\libsysbase.a(getreent.o) (_impure_ptr)

Allocating common symbols
Common symbol       size              file

__tte_main_context  0x48              C:\devkitpro/libtonc/lib\libtonc.a(tte_main.o)

Discarded input sections

 .text          0x0000000000000000        0x0 c:/devkitpro/devkitarm/bin/../lib/gcc/arm-none-eabi/11.1.0/../../../../arm-none-eabi/lib/thumb/gba_crt0.o
 .data          0x0000000000000000        0x0 c:/devkitpro/devkitarm/bin/../lib/gcc/arm-none-eabi/11.1.0/../../../../arm-none-eabi/lib/thumb/gba_crt0.o
 .bss           0x0000000000000000        0x0 c:/devkitpro/devkitarm/bin/../lib/gcc/arm-none-eabi/11.1.0/../../../../arm-none-eabi/lib/thumb/gba_crt0.o
 .text          0x0000000000000000        0x0 c:/devkitpro/devkitarm/bin/../lib/gcc/arm-none-eabi/11.1.0/thumb/crti.o
 .data          0x0000000000000000        0x0 c:/devkitpro/devkitarm/bin/../lib/gcc/arm-none-eabi/11.1.0/thumb/crti.o
 .bss           0x0000000000000000        0x0 c:/devkitpro/devkitarm/bin/../lib/gcc/arm-none-eabi/11.1.0/thumb/crti.o
 .text          0x0000000000000000        0x0 c:/devkitpro/devkitarm/bin/../lib/gcc/arm-none-eabi/11.1.0/thumb/crtbegin.o
 .data          0x0000000000000000        0x0 c:/devkitpro/devkitarm/bin/../lib/gcc/arm-none-eabi/11.1.0/thumb/crtbegin.o
 .bss           0x0000000000000000        0x0 c:/devkitpro/devkitarm/bin/../lib/gcc/arm-none-eabi/11.1.0/thumb/crtbegin.o
 .rodata.all_implied_fbits
                0x0000000000000000       0x24 c:/devkitpro/devkitarm/bin/../lib/gcc/arm-none-eabi/11.1.0/thumb/crtbegin.o
 .data.__dso_handle
                0x0000000000000000        0x4 c:/devkitpro/devkitarm/bin/../lib/gcc/arm-none-eabi/11.1.0/thumb/crtbegin.o
 .text          0x0000000000000000        0x0 global.o
 .data          0x0000000000000000        0x4 global.o
 .data          0x0000000000000000        0x0 home.o
 .bss           0x0000000000000000        0x0 home.o
 .text          0x0000000000000000        0x0 main.o
 .data          0x0000000000000000        0x0 main.o
 .bss           0x0000000000000000        0x0 main.o
 .data          0x0000000000000000        0x0 node.o
 .bss           0x0000000000000000        0x0 node.o
 .data          0x0000000000000000        0x0 room.o
 .data          0x0000000000000000        0x0 C:\devkitpro/libtonc/lib\libtonc.a(tonc_oam.o)
 .bss           0x0000000000000000        0x0 C:\devkitpro/libtonc/lib\libtonc.a(tonc_oam.o)
 .bss           0x0000000000000000        0x0 C:\devkitpro/libtonc/lib\libtonc.a(tte_main.o)
 .data          0x0000000000000000        0x0 C:\devkitpro/libtonc/lib\libtonc.a(tte_init_se.o)
 .bss           0x0000000000000000        0x0 C:\devkitpro/libtonc/lib\libtonc.a(tte_init_se.o)
 .data          0x0000000000000000        0x0 C:\devkitpro/libtonc/lib\libtonc.a(tonc_bios.o)
 .bss           0x0000000000000000        0x0 C:\devkitpro/libtonc/lib\libtonc.a(tonc_bios.o)
 .data          0x0000000000000000        0x0 C:\devkitpro/libtonc/lib\libtonc.a(tonc_memcpy.o)
 .bss           0x0000000000000000        0x0 C:\devkitpro/libtonc/lib\libtonc.a(tonc_memcpy.o)
 .data          0x0000000000000000        0x0 C:\devkitpro/libtonc/lib\libtonc.a(tonc_bios_ex.o)
 .bss           0x0000000000000000        0x0 C:\devkitpro/libtonc/lib\libtonc.a(tonc_bios_ex.o)
 .text          0x0000000000000000        0x0 C:\devkitpro/libtonc/lib\libtonc.a(sys8.o)
 .data          0x0000000000000000        0x0 C:\devkitpro/libtonc/lib\libtonc.a(sys8.o)
 .bss           0x0000000000000000        0x0 C:\devkitpro/libtonc/lib\libtonc.a(sys8.o)
 .data          0x0000000000000000        0x0 C:\devkitpro/libtonc/lib\libtonc.a(tonc_surface.o)
 .bss           0x0000000000000000        0x0 C:\devkitpro/libtonc/lib\libtonc.a(tonc_surface.o)
 .data          0x0000000000000000        0x0 C:\devkitpro/libtonc/lib\libtonc.a(se_drawg.o)
 .bss           0x0000000000000000        0x0 C:\devkitpro/libtonc/lib\libtonc.a(se_drawg.o)
 .data          0x0000000000000000        0x0 C:\devkitpro/libtonc/lib\libtonc.a(tonc_sbmp16.o)
 .bss           0x0000000000000000        0x0 C:\devkitpro/libtonc/lib\libtonc.a(tonc_sbmp16.o)
 .rodata        0x0000000000000000       0x3c C:\devkitpro/libtonc/lib\libtonc.a(tonc_sbmp16.o)
 .ewram         0x0000000000000000       0x14 C:\devkitpro/libtonc/lib\libtonc.a(tonc_sbmp16.o)
 .rodata.str1.4
                0x0000000000000000        0x6 C:\devkitpro/libtonc/lib\libtonc.a(tonc_sbmp16.o)
 .data          0x0000000000000000        0x0 C:\devkitpro/libtonc/lib\libtonc.a(tonc_memset.o)
 .bss           0x0000000000000000        0x0 C:\devkitpro/libtonc/lib\libtonc.a(tonc_memset.o)
 .text          0x0000000000000000        0x0 C:/hemerson/Projetos/games/gba/game\libgfx.a(ball.o)
 .data          0x0000000000000000        0x0 C:/hemerson/Projetos/games/gba/game\libgfx.a(ball.o)
 .bss           0x0000000000000000        0x0 C:/hemerson/Projetos/games/gba/game\libgfx.a(ball.o)
 .text          0x0000000000000000        0x0 C:/hemerson/Projetos/games/gba/game\libgfx.a(char.o)
 .data          0x0000000000000000        0x0 C:/hemerson/Projetos/games/gba/game\libgfx.a(char.o)
 .bss           0x0000000000000000        0x0 C:/hemerson/Projetos/games/gba/game\libgfx.a(char.o)
 .data          0x0000000000000000        0x0 c:/devkitpro/devkitarm/bin/../lib/gcc/arm-none-eabi/11.1.0/thumb\libgcc.a(_divsi3.o)
 .bss           0x0000000000000000        0x0 c:/devkitpro/devkitarm/bin/../lib/gcc/arm-none-eabi/11.1.0/thumb\libgcc.a(_divsi3.o)
 .data          0x0000000000000000        0x0 c:/devkitpro/devkitarm/bin/../lib/gcc/arm-none-eabi/11.1.0/thumb\libgcc.a(_dvmd_tls.o)
 .bss           0x0000000000000000        0x0 c:/devkitpro/devkitarm/bin/../lib/gcc/arm-none-eabi/11.1.0/thumb\libgcc.a(_dvmd_tls.o)
 .text          0x0000000000000000        0x0 c:/devkitpro/devkitarm/bin/../lib/gcc/arm-none-eabi/11.1.0/../../../../arm-none-eabi/lib/thumb\libg.a(lib_a-ctype_.o)
 .data          0x0000000000000000        0x0 c:/devkitpro/devkitarm/bin/../lib/gcc/arm-none-eabi/11.1.0/../../../../arm-none-eabi/lib/thumb\libg.a(lib_a-ctype_.o)
 .bss           0x0000000000000000        0x0 c:/devkitpro/devkitarm/bin/../lib/gcc/arm-none-eabi/11.1.0/../../../../arm-none-eabi/lib/thumb\libg.a(lib_a-ctype_.o)
 .text.__set_ctype
                0x0000000000000000        0xc c:/devkitpro/devkitarm/bin/../lib/gcc/arm-none-eabi/11.1.0/../../../../arm-none-eabi/lib/thumb\libg.a(lib_a-ctype_.o)
 .text          0x0000000000000000        0x0 c:/devkitpro/devkitarm/bin/../lib/gcc/arm-none-eabi/11.1.0/../../../../arm-none-eabi/lib/thumb\libg.a(lib_a-init.o)
 .data          0x0000000000000000        0x0 c:/devkitpro/devkitarm/bin/../lib/gcc/arm-none-eabi/11.1.0/../../../../arm-none-eabi/lib/thumb\libg.a(lib_a-init.o)
 .bss           0x0000000000000000        0x0 c:/devkitpro/devkitarm/bin/../lib/gcc/arm-none-eabi/11.1.0/../../../../arm-none-eabi/lib/thumb\libg.a(lib_a-init.o)
 .text          0x0000000000000000        0x0 c:/devkitpro/devkitarm/bin/../lib/gcc/arm-none-eabi/11.1.0/../../../../arm-none-eabi/lib/thumb\libg.a(lib_a-memset.o)
 .data          0x0000000000000000        0x0 c:/devkitpro/devkitarm/bin/../lib/gcc/arm-none-eabi/11.1.0/../../../../arm-none-eabi/lib/thumb\libg.a(lib_a-memset.o)
 .bss           0x0000000000000000        0x0 c:/devkitpro/devkitarm/bin/../lib/gcc/arm-none-eabi/11.1.0/../../../../arm-none-eabi/lib/thumb\libg.a(lib_a-memset.o)
 .text          0x0000000000000000        0x0 c:/devkitpro/devkitarm/bin/../lib/gcc/arm-none-eabi/11.1.0/../../../../arm-none-eabi/lib/thumb\libg.a(lib_a-rand.o)
 .data          0x0000000000000000        0x0 c:/devkitpro/devkitarm/bin/../lib/gcc/arm-none-eabi/11.1.0/../../../../arm-none-eabi/lib/thumb\libg.a(lib_a-rand.o)
 .bss           0x0000000000000000        0x0 c:/devkitpro/devkitarm/bin/../lib/gcc/arm-none-eabi/11.1.0/../../../../arm-none-eabi/lib/thumb\libg.a(lib_a-rand.o)
 .text.rand     0x0000000000000000       0x34 c:/devkitpro/devkitarm/bin/../lib/gcc/arm-none-eabi/11.1.0/../../../../arm-none-eabi/lib/thumb\libg.a(lib_a-rand.o)
 .text          0x0000000000000000        0x0 c:/devkitpro/devkitarm/bin/../lib/gcc/arm-none-eabi/11.1.0/../../../../arm-none-eabi/lib/thumb\libg.a(lib_a-strtol.o)
 .data          0x0000000000000000        0x0 c:/devkitpro/devkitarm/bin/../lib/gcc/arm-none-eabi/11.1.0/../../../../arm-none-eabi/lib/thumb\libg.a(lib_a-strtol.o)
 .bss           0x0000000000000000        0x0 c:/devkitpro/devkitarm/bin/../lib/gcc/arm-none-eabi/11.1.0/../../../../arm-none-eabi/lib/thumb\libg.a(lib_a-strtol.o)
 .text._strtol_r
                0x0000000000000000       0x20 c:/devkitpro/devkitarm/bin/../lib/gcc/arm-none-eabi/11.1.0/../../../../arm-none-eabi/lib/thumb\libg.a(lib_a-strtol.o)
 .text.strtol_l
                0x0000000000000000       0x30 c:/devkitpro/devkitarm/bin/../lib/gcc/arm-none-eabi/11.1.0/../../../../arm-none-eabi/lib/thumb\libg.a(lib_a-strtol.o)
 .text          0x0000000000000000        0x0 c:/devkitpro/devkitarm/bin/../lib/gcc/arm-none-eabi/11.1.0/../../../../arm-none-eabi/lib/thumb\libg.a(lib_a-time.o)
 .data          0x0000000000000000        0x0 c:/devkitpro/devkitarm/bin/../lib/gcc/arm-none-eabi/11.1.0/../../../../arm-none-eabi/lib/thumb\libg.a(lib_a-time.o)
 .bss           0x0000000000000000        0x0 c:/devkitpro/devkitarm/bin/../lib/gcc/arm-none-eabi/11.1.0/../../../../arm-none-eabi/lib/thumb\libg.a(lib_a-time.o)
 .text          0x0000000000000000        0x0 c:/devkitpro/devkitarm/bin/../lib/gcc/arm-none-eabi/11.1.0/../../../../arm-none-eabi/lib/thumb\libg.a(lib_a-errno.o)
 .data          0x0000000000000000        0x0 c:/devkitpro/devkitarm/bin/../lib/gcc/arm-none-eabi/11.1.0/../../../../arm-none-eabi/lib/thumb\libg.a(lib_a-errno.o)
 .bss           0x0000000000000000        0x0 c:/devkitpro/devkitarm/bin/../lib/gcc/arm-none-eabi/11.1.0/../../../../arm-none-eabi/lib/thumb\libg.a(lib_a-errno.o)
 .text          0x0000000000000000        0x0 c:/devkitpro/devkitarm/bin/../lib/gcc/arm-none-eabi/11.1.0/../../../../arm-none-eabi/lib/thumb\libsysbase.a(gettod.o)
 .data          0x0000000000000000        0x0 c:/devkitpro/devkitarm/bin/../lib/gcc/arm-none-eabi/11.1.0/../../../../arm-none-eabi/lib/thumb\libsysbase.a(gettod.o)
 .bss           0x0000000000000000        0x0 c:/devkitpro/devkitarm/bin/../lib/gcc/arm-none-eabi/11.1.0/../../../../arm-none-eabi/lib/thumb\libsysbase.a(gettod.o)
 .text          0x0000000000000000        0x0 c:/devkitpro/devkitarm/bin/../lib/gcc/arm-none-eabi/11.1.0/../../../../arm-none-eabi/lib/thumb\libsysbase.a(malloc_vars.o)
 .data          0x0000000000000000        0x0 c:/devkitpro/devkitarm/bin/../lib/gcc/arm-none-eabi/11.1.0/../../../../arm-none-eabi/lib/thumb\libsysbase.a(malloc_vars.o)
 .bss           0x0000000000000000        0x0 c:/devkitpro/devkitarm/bin/../lib/gcc/arm-none-eabi/11.1.0/../../../../arm-none-eabi/lib/thumb\libsysbase.a(malloc_vars.o)
 .bss.fake_heap_start
                0x0000000000000000        0x4 c:/devkitpro/devkitarm/bin/../lib/gcc/arm-none-eabi/11.1.0/../../../../arm-none-eabi/lib/thumb\libsysbase.a(malloc_vars.o)
 .text          0x0000000000000000        0x0 c:/devkitpro/devkitarm/bin/../lib/gcc/arm-none-eabi/11.1.0/../../../../arm-none-eabi/lib/thumb\libsysbase.a(syscall_support.o)
 .data          0x0000000000000000        0x0 c:/devkitpro/devkitarm/bin/../lib/gcc/arm-none-eabi/11.1.0/../../../../arm-none-eabi/lib/thumb\libsysbase.a(syscall_support.o)
 .bss           0x0000000000000000        0x0 c:/devkitpro/devkitarm/bin/../lib/gcc/arm-none-eabi/11.1.0/../../../../arm-none-eabi/lib/thumb\libsysbase.a(syscall_support.o)
 .text.__libc_lock_init
                0x0000000000000000       0x1c c:/devkitpro/devkitarm/bin/../lib/gcc/arm-none-eabi/11.1.0/../../../../arm-none-eabi/lib/thumb\libsysbase.a(syscall_support.o)
 .text.__libc_lock_acquire
                0x0000000000000000       0x1c c:/devkitpro/devkitarm/bin/../lib/gcc/arm-none-eabi/11.1.0/../../../../arm-none-eabi/lib/thumb\libsysbase.a(syscall_support.o)
 .text.__libc_lock_try_acquire
                0x0000000000000000       0x24 c:/devkitpro/devkitarm/bin/../lib/gcc/arm-none-eabi/11.1.0/../../../../arm-none-eabi/lib/thumb\libsysbase.a(syscall_support.o)
 .text.__libc_lock_release
                0x0000000000000000       0x1c c:/devkitpro/devkitarm/bin/../lib/gcc/arm-none-eabi/11.1.0/../../../../arm-none-eabi/lib/thumb\libsysbase.a(syscall_support.o)
 .text.__libc_lock_close
                0x0000000000000000       0x1c c:/devkitpro/devkitarm/bin/../lib/gcc/arm-none-eabi/11.1.0/../../../../arm-none-eabi/lib/thumb\libsysbase.a(syscall_support.o)
 .text.__libc_lock_init_recursive
                0x0000000000000000       0x1c c:/devkitpro/devkitarm/bin/../lib/gcc/arm-none-eabi/11.1.0/../../../../arm-none-eabi/lib/thumb\libsysbase.a(syscall_support.o)
 .text.__libc_lock_acquire_recursive
                0x0000000000000000       0x1c c:/devkitpro/devkitarm/bin/../lib/gcc/arm-none-eabi/11.1.0/../../../../arm-none-eabi/lib/thumb\libsysbase.a(syscall_support.o)
 .text.__libc_lock_try_acquire_recursive
                0x0000000000000000       0x24 c:/devkitpro/devkitarm/bin/../lib/gcc/arm-none-eabi/11.1.0/../../../../arm-none-eabi/lib/thumb\libsysbase.a(syscall_support.o)
 .text.__libc_lock_release_recursive
                0x0000000000000000       0x1c c:/devkitpro/devkitarm/bin/../lib/gcc/arm-none-eabi/11.1.0/../../../../arm-none-eabi/lib/thumb\libsysbase.a(syscall_support.o)
 .text.__libc_lock_close_recursive
                0x0000000000000000       0x1c c:/devkitpro/devkitarm/bin/../lib/gcc/arm-none-eabi/11.1.0/../../../../arm-none-eabi/lib/thumb\libsysbase.a(syscall_support.o)
 .text          0x0000000000000000        0x0 c:/devkitpro/devkitarm/bin/../lib/gcc/arm-none-eabi/11.1.0/../../../../arm-none-eabi/lib/thumb\libsysbase.a(getreent.o)
 .data          0x0000000000000000        0x0 c:/devkitpro/devkitarm/bin/../lib/gcc/arm-none-eabi/11.1.0/../../../../arm-none-eabi/lib/thumb\libsysbase.a(getreent.o)
 .bss           0x0000000000000000        0x0 c:/devkitpro/devkitarm/bin/../lib/gcc/arm-none-eabi/11.1.0/../../../../arm-none-eabi/lib/thumb\libsysbase.a(getreent.o)
 .data          0x0000000000000000        0x0 c:/devkitpro/devkitarm/bin/../lib/gcc/arm-none-eabi/11.1.0/thumb\libgcc.a(_udivsi3.o)
 .bss           0x0000000000000000        0x0 c:/devkitpro/devkitarm/bin/../lib/gcc/arm-none-eabi/11.1.0/thumb\libgcc.a(_udivsi3.o)
 .text          0x0000000000000000        0x0 c:/devkitpro/devkitarm/bin/../lib/gcc/arm-none-eabi/11.1.0/thumb\libgcc.a(_muldi3.o)
 .data          0x0000000000000000        0x0 c:/devkitpro/devkitarm/bin/../lib/gcc/arm-none-eabi/11.1.0/thumb\libgcc.a(_muldi3.o)
 .bss           0x0000000000000000        0x0 c:/devkitpro/devkitarm/bin/../lib/gcc/arm-none-eabi/11.1.0/thumb\libgcc.a(_muldi3.o)
 .text.__muldi3
                0x0000000000000000       0x54 c:/devkitpro/devkitarm/bin/../lib/gcc/arm-none-eabi/11.1.0/thumb\libgcc.a(_muldi3.o)
 .comment       0x0000000000000000       0x24 c:/devkitpro/devkitarm/bin/../lib/gcc/arm-none-eabi/11.1.0/thumb\libgcc.a(_muldi3.o)
 .text          0x0000000000000000        0x0 c:/devkitpro/devkitarm/bin/../lib/gcc/arm-none-eabi/11.1.0/../../../../arm-none-eabi/lib/thumb\libg.a(lib_a-impure.o)
 .data          0x0000000000000000        0x0 c:/devkitpro/devkitarm/bin/../lib/gcc/arm-none-eabi/11.1.0/../../../../arm-none-eabi/lib/thumb\libg.a(lib_a-impure.o)
 .bss           0x0000000000000000        0x0 c:/devkitpro/devkitarm/bin/../lib/gcc/arm-none-eabi/11.1.0/../../../../arm-none-eabi/lib/thumb\libg.a(lib_a-impure.o)
 .rodata._global_impure_ptr
                0x0000000000000000        0x4 c:/devkitpro/devkitarm/bin/../lib/gcc/arm-none-eabi/11.1.0/../../../../arm-none-eabi/lib/thumb\libg.a(lib_a-impure.o)
 .text          0x0000000000000000        0x0 c:/devkitpro/devkitarm/bin/../lib/gcc/arm-none-eabi/11.1.0/thumb/crtend.o
 .data          0x0000000000000000        0x0 c:/devkitpro/devkitarm/bin/../lib/gcc/arm-none-eabi/11.1.0/thumb/crtend.o
 .bss           0x0000000000000000        0x0 c:/devkitpro/devkitarm/bin/../lib/gcc/arm-none-eabi/11.1.0/thumb/crtend.o
 .rodata.all_implied_fbits
                0x0000000000000000       0x24 c:/devkitpro/devkitarm/bin/../lib/gcc/arm-none-eabi/11.1.0/thumb/crtend.o
 .text          0x0000000000000000        0x0 c:/devkitpro/devkitarm/bin/../lib/gcc/arm-none-eabi/11.1.0/thumb/crtn.o
 .data          0x0000000000000000        0x0 c:/devkitpro/devkitarm/bin/../lib/gcc/arm-none-eabi/11.1.0/thumb/crtn.o
 .bss           0x0000000000000000        0x0 c:/devkitpro/devkitarm/bin/../lib/gcc/arm-none-eabi/11.1.0/thumb/crtn.o

Memory Configuration

Name             Origin             Length             Attributes
rom              0x0000000008000000 0x0000000002000000
iwram            0x0000000003000000 0x0000000000008000
ewram            0x0000000002000000 0x0000000000040000
*default*        0x0000000000000000 0xffffffffffffffff

Linker script and memory map

                0x0000000008000000                __text_start = ORIGIN (rom)
                0x0000000002040000                __eheap_end = (ORIGIN (ewram) + LENGTH (ewram))
                0x0000000003000000                __iwram_start = ORIGIN (iwram)
                0x0000000003008000                __iwram_top = (ORIGIN (iwram) + LENGTH (iwram))
                0x0000000003007fa0                __sp_irq = (__iwram_top - 0x60)
                0x0000000003007f00                __sp_usr = (__sp_irq - 0xa0)
                0x0000000003007ff8                __irq_flags = 0x3007ff8
                0x0000000008000000                . = __text_start

.crt0           0x0000000008000000      0x210
 *(.crt0)
 .crt0          0x0000000008000000      0x210 c:/devkitpro/devkitarm/bin/../lib/gcc/arm-none-eabi/11.1.0/../../../../arm-none-eabi/lib/thumb/gba_crt0.o
                0x0000000008000000                _start
                0x00000000080000c4                __boot_method
                0x00000000080000c5                __slave_number
                0x00000000080000e0                start_vector
                0x0000000008000210                . = ALIGN (0x4)

.init           0x0000000008000210        0xc
 *(SORT_NONE(.init))
 .init          0x0000000008000210        0x4 c:/devkitpro/devkitarm/bin/../lib/gcc/arm-none-eabi/11.1.0/thumb/crti.o
                0x0000000008000210                _init
 .init          0x0000000008000214        0x8 c:/devkitpro/devkitarm/bin/../lib/gcc/arm-none-eabi/11.1.0/thumb/crtn.o

.plt            0x000000000800021c        0x0
 *(.plt)
                0x000000000800021c                . = ALIGN (0x4)

.text           0x0000000008000220     0x2028
 *(EXCLUDE_FILE(*.iwram*) .text*)
 .text.__do_global_dtors_aux
                0x0000000008000220       0x2c c:/devkitpro/devkitarm/bin/../lib/gcc/arm-none-eabi/11.1.0/thumb/crtbegin.o
 .text.frame_dummy
                0x000000000800024c       0x24 c:/devkitpro/devkitarm/bin/../lib/gcc/arm-none-eabi/11.1.0/thumb/crtbegin.o
 .text          0x0000000008000270       0xe4 home.o
                0x0000000008000270                home_init
                0x00000000080002ac                home_finish
                0x00000000080002b0                home_run
 .text.startup  0x0000000008000354       0x28 main.o
                0x0000000008000354                main
 .text          0x000000000800037c      0x264 node.o
                0x000000000800037c                node_buffer_init
                0x0000000008000390                node_buffer_finish
                0x0000000008000394                node_buffer_get_empty
                0x00000000080003b8                node_ball_create
                0x0000000008000444                node_ball_update
                0x00000000080004b8                node_player_create
                0x0000000008000548                node_player_update
                0x00000000080005a4                node_buffer_update
 .text          0x00000000080005e0      0x18c room.o
                0x00000000080005e0                room_init
                0x00000000080006a0                room_finish
                0x00000000080006b4                room_run
 .text          0x000000000800076c       0xbc C:\devkitpro/libtonc/lib\libtonc.a(tonc_oam.o)
                0x000000000800076c                oam_init
                0x00000000080007b4                obj_copy
                0x00000000080007d4                obj_hide_multi
                0x00000000080007fc                obj_unhide_multi
 .text          0x0000000008000828       0xa8 C:\devkitpro/libtonc/lib\libtonc.a(tonc_input.o)
                0x0000000008000828                key_poll
                0x000000000800087c                key_wait_till_hit
                0x00000000080008a0                key_repeat
                0x00000000080008ac                key_repeat_mask
                0x00000000080008bc                key_repeat_limits
 .text          0x00000000080008d0      0x958 C:\devkitpro/libtonc/lib\libtonc.a(tte_main.o)
                0x00000000080008d0                dummy_drawg
                0x00000000080008d4                dummy_erase
                0x00000000080008d8                tte_set_context
                0x00000000080008f0                tte_set_color_attr
                0x0000000008000900                tte_set_color_attrs
                0x000000000800091c                tte_set_color
                0x000000000800093c                tte_set_colors
                0x000000000800097c                tte_init_base
                0x0000000008000a10                utf8_decode_char
                0x0000000008000ac4                tte_cmd_skip
                0x0000000008000ad4                tte_cmd_next
                0x0000000008000b0c                tte_putc
                0x0000000008000b5c                tte_erase_rect
                0x0000000008000b78                tte_erase_screen
                0x0000000008000b9c                tte_erase_line
                0x0000000008000bc4                tte_cmd_default
                0x0000000008001018                tte_write
                0x0000000008001104                tte_write_ex
                0x0000000008001134                tte_get_text_size
                0x0000000008001208                tte_set_margins
 .text          0x0000000008001228      0x164 C:\devkitpro/libtonc/lib\libtonc.a(tte_init_se.o)
                0x0000000008001228                tte_init_se
 .text          0x000000000800138c       0x8c C:\devkitpro/libtonc/lib\libtonc.a(tonc_bios.o)
                0x000000000800138c                SoftReset
                0x0000000008001390                RegisterRamReset
                0x0000000008001394                Halt
                0x0000000008001398                Stop
                0x000000000800139c                IntrWait
                0x00000000080013a0                VBlankIntrWait
                0x00000000080013a4                Div
                0x00000000080013a8                DivArm
                0x00000000080013ac                Sqrt
                0x00000000080013b0                ArcTan
                0x00000000080013b4                ArcTan2
                0x00000000080013b8                CpuSet
                0x00000000080013bc                CpuFastSet
                0x00000000080013c0                BiosCheckSum
                0x00000000080013c4                BgAffineSet
                0x00000000080013c8                ObjAffineSet
                0x00000000080013cc                BitUnPack
                0x00000000080013d0                LZ77UnCompWram
                0x00000000080013d4                LZ77UnCompVram
                0x00000000080013d8                HuffUnComp
                0x00000000080013dc                RLUnCompWram
                0x00000000080013e0                RLUnCompVram
                0x00000000080013e4                Diff8bitUnFilterWram
                0x00000000080013e8                Diff8bitUnFilterVram
                0x00000000080013ec                Diff16bitUnFilter
                0x00000000080013f0                SoundBias
                0x00000000080013f4                SoundDriverInit
                0x00000000080013f8                SoundDriverMode
                0x00000000080013fc                SoundDriverMain
                0x0000000008001400                SoundDriverVSync
                0x0000000008001404                SoundChannelClear
                0x0000000008001408                MidiKey2Freq
                0x000000000800140c                MultiBoot
                0x0000000008001410                SoundDriverVSyncOff
                0x0000000008001414                SoundDriverVSyncOn
 .text          0x0000000008001418       0x44 C:\devkitpro/libtonc/lib\libtonc.a(tonc_memcpy.o)
                0x0000000008001418                memcpy16
 .text          0x000000000800145c       0x54 C:\devkitpro/libtonc/lib\libtonc.a(tonc_bios_ex.o)
                0x000000000800145c                VBlankIntrDelay
                0x000000000800146c                DivSafe
                0x0000000008001480                Mod
                0x0000000008001488                DivAbs
                0x0000000008001490                DivArmMod
                0x0000000008001498                DivArmAbs
                0x00000000080014a0                CpuFastFill
 .text          0x00000000080014b0      0x16c C:\devkitpro/libtonc/lib\libtonc.a(tonc_surface.o)
                0x00000000080014b0                srf_init
                0x0000000008001578                srf_pal_copy
                0x00000000080015a0                srf_get_ptr
 .text          0x000000000800161c      0x174 C:\devkitpro/libtonc/lib\libtonc.a(se_drawg.o)
                0x000000000800161c                se_erase
                0x0000000008001648                se_drawg_w8h8
                0x0000000008001678                se_drawg_w8h16
                0x00000000080016b8                se_drawg
                0x0000000008001724                se_drawg_s
 .text          0x0000000008001790      0x4cc C:\devkitpro/libtonc/lib\libtonc.a(tonc_sbmp16.o)
                0x0000000008001790                sbmp16_get_pixel
                0x00000000080017a0                sbmp16_plot
                0x00000000080017b4                sbmp16_vline
                0x00000000080017ec                sbmp16_line
                0x00000000080018a8                sbmp16_hline
                0x00000000080018d8                sbmp16_blit
                0x0000000008001a20                sbmp16_rect
                0x0000000008001a8c                sbmp16_frame
                0x0000000008001b1c                sbmp16_floodfill_internal
                0x0000000008001c30                sbmp16_floodfill
 .text          0x0000000008001c5c       0x3c C:\devkitpro/libtonc/lib\libtonc.a(tonc_memset.o)
                0x0000000008001c5c                memset16
 .text          0x0000000008001c98      0x150 c:/devkitpro/devkitarm/bin/../lib/gcc/arm-none-eabi/11.1.0/thumb\libgcc.a(_divsi3.o)
                0x0000000008001c98                __divsi3
                0x0000000008001c98                __aeabi_idiv
                0x0000000008001dc8                __aeabi_idivmod
 .text          0x0000000008001de8        0x4 c:/devkitpro/devkitarm/bin/../lib/gcc/arm-none-eabi/11.1.0/thumb\libgcc.a(_dvmd_tls.o)
                0x0000000008001de8                __aeabi_idiv0
                0x0000000008001de8                __aeabi_ldiv0
 .text.__libc_init_array
                0x0000000008001dec       0x50 c:/devkitpro/devkitarm/bin/../lib/gcc/arm-none-eabi/11.1.0/../../../../arm-none-eabi/lib/thumb\libg.a(lib_a-init.o)
                0x0000000008001dec                __libc_init_array
 .text.memset   0x0000000008001e3c       0xb0 c:/devkitpro/devkitarm/bin/../lib/gcc/arm-none-eabi/11.1.0/../../../../arm-none-eabi/lib/thumb\libg.a(lib_a-memset.o)
                0x0000000008001e3c                memset
 .text.srand    0x0000000008001eec       0x18 c:/devkitpro/devkitarm/bin/../lib/gcc/arm-none-eabi/11.1.0/../../../../arm-none-eabi/lib/thumb\libg.a(lib_a-rand.o)
                0x0000000008001eec                srand
 .text._strtol_l.part.0
                0x0000000008001f04      0x144 c:/devkitpro/devkitarm/bin/../lib/gcc/arm-none-eabi/11.1.0/../../../../arm-none-eabi/lib/thumb\libg.a(lib_a-strtol.o)
 .text.strtol   0x0000000008002048       0x30 c:/devkitpro/devkitarm/bin/../lib/gcc/arm-none-eabi/11.1.0/../../../../arm-none-eabi/lib/thumb\libg.a(lib_a-strtol.o)
                0x0000000008002048                strtol
 .text.time     0x0000000008002078       0x34 c:/devkitpro/devkitarm/bin/../lib/gcc/arm-none-eabi/11.1.0/../../../../arm-none-eabi/lib/thumb\libg.a(lib_a-time.o)
                0x0000000008002078                time
 .text.__errno  0x00000000080020ac        0xc c:/devkitpro/devkitarm/bin/../lib/gcc/arm-none-eabi/11.1.0/../../../../arm-none-eabi/lib/thumb\libg.a(lib_a-errno.o)
                0x00000000080020ac                __errno
 .text._gettimeofday_r
                0x00000000080020b8       0x28 c:/devkitpro/devkitarm/bin/../lib/gcc/arm-none-eabi/11.1.0/../../../../arm-none-eabi/lib/thumb\libsysbase.a(gettod.o)
                0x00000000080020b8                _gettimeofday_r
 .text.__getreent
                0x00000000080020e0       0x28 c:/devkitpro/devkitarm/bin/../lib/gcc/arm-none-eabi/11.1.0/../../../../arm-none-eabi/lib/thumb\libsysbase.a(getreent.o)
                0x00000000080020e0                __getreent
 .text          0x0000000008002108      0x11c c:/devkitpro/devkitarm/bin/../lib/gcc/arm-none-eabi/11.1.0/thumb\libgcc.a(_udivsi3.o)
                0x0000000008002108                __aeabi_uidiv
                0x0000000008002108                __udivsi3
                0x0000000008002204                __aeabi_uidivmod
 *fill*         0x0000000008002224        0x4 ff
 .text.__stub   0x0000000008002228       0x1c linker stubs
 *(.gnu.linkonce.t.*)
 *(.text.*personality*)
 *(.gnu.warning)
 *(.glue_7t)
 .glue_7t       0x0000000008002248        0x0 linker stubs
 *(.glue_7)
 .glue_7        0x0000000008002248        0x0 linker stubs
 *(.vfp11_veneer)
 .vfp11_veneer  0x0000000008002248        0x0 linker stubs
                0x0000000008002248                . = ALIGN (0x4)
                0x0000000008002248                __text_end = .

.v4_bx          0x0000000008002248        0x0
 .v4_bx         0x0000000008002248        0x0 linker stubs

.iplt           0x0000000008002248        0x0
 .iplt          0x0000000008002248        0x0 c:/devkitpro/devkitarm/bin/../lib/gcc/arm-none-eabi/11.1.0/../../../../arm-none-eabi/lib/thumb/gba_crt0.o

.fini           0x0000000008002248        0xc
 *(.fini)
 .fini          0x0000000008002248        0x4 c:/devkitpro/devkitarm/bin/../lib/gcc/arm-none-eabi/11.1.0/thumb/crti.o
                0x0000000008002248                _fini
 .fini          0x000000000800224c        0x8 c:/devkitpro/devkitarm/bin/../lib/gcc/arm-none-eabi/11.1.0/thumb/crtn.o
                0x0000000008002254                . = ALIGN (0x4)

.rodata         0x0000000008002254      0xac8
 *(.rodata)
 .rodata        0x0000000008002254      0x1f0 C:\devkitpro/libtonc/lib\libtonc.a(tte_main.o)
 .rodata        0x0000000008002444      0x318 C:\devkitpro/libtonc/lib\libtonc.a(sys8.o)
                0x0000000008002444                sys8Font
                0x000000000800245c                sys8Glyphs
 .rodata        0x000000000800275c       0x1c C:\devkitpro/libtonc/lib\libtonc.a(tonc_surface.o)
 .rodata        0x0000000008002778      0x240 C:/hemerson/Projetos/games/gba/game\libgfx.a(ball.o)
                0x0000000008002778                ballTiles
                0x0000000008002978                ballPal
 .rodata        0x00000000080029b8      0x240 C:/hemerson/Projetos/games/gba/game\libgfx.a(char.o)
                0x00000000080029b8                charTiles
                0x0000000008002bb8                charPal
 *all.rodata*(*)
 *(.roda)
 *(.rodata.*)
 .rodata.str1.4
                0x0000000008002bf8        0xd home.o
 *fill*         0x0000000008002c05        0x3 ff
 .rodata.str1.4
                0x0000000008002c08       0x10 room.o
 .rodata._ctype_
                0x0000000008002c18      0x101 c:/devkitpro/devkitarm/bin/../lib/gcc/arm-none-eabi/11.1.0/../../../../arm-none-eabi/lib/thumb\libg.a(lib_a-ctype_.o)
                0x0000000008002c18                _ctype_
 *(.gnu.linkonce.r*)
                0x0000000008002d1c                . = ALIGN (0x4)
 *fill*         0x0000000008002d19        0x3 ff

.ARM.extab
 *(.ARM.extab* .gnu.linkonce.armextab.*)
                0x0000000008002d1c                __exidx_start = .

.ARM.exidx
 *(.ARM.exidx* .gnu.linkonce.armexidx.*)
                0x0000000008002d1c                __exidx_end = .

.ctors          0x0000000008002d1c        0x0
 *crtbegin.o(.ctors)
 *(EXCLUDE_FILE(*crtend.o) .ctors)
 *(SORT_BY_NAME(.ctors.*))
 *(.ctors)
                0x0000000008002d1c                . = ALIGN (0x4)

.dtors          0x0000000008002d1c        0x0
 *crtbegin.o(.dtors)
 *(EXCLUDE_FILE(*crtend.o) .dtors)
 *(SORT_BY_NAME(.dtors.*))
 *(.dtors)
                0x0000000008002d1c                . = ALIGN (0x4)

.eh_frame       0x0000000008002d1c        0x4
 *(.eh_frame)
 .eh_frame      0x0000000008002d1c        0x0 c:/devkitpro/devkitarm/bin/../lib/gcc/arm-none-eabi/11.1.0/thumb/crtbegin.o
 .eh_frame      0x0000000008002d1c        0x4 c:/devkitpro/devkitarm/bin/../lib/gcc/arm-none-eabi/11.1.0/thumb/crtend.o
                0x0000000008002d20                . = ALIGN (0x4)

.gcc_except_table
                0x0000000008002d20        0x0
 *(.gcc_except_table)
                0x0000000008002d20                . = ALIGN (0x4)
                0x0000000008002d20                __iwram_lma = .

.iwram          0x0000000003000000       0x84 load address 0x0000000008002d20
                0x0000000003000000                __iwram_start__ = ABSOLUTE (.)
 *(.iwram .iwram*)
 .iwram         0x0000000003000000       0x38 C:\devkitpro/libtonc/lib\libtonc.a(tonc_memcpy.o)
                0x0000000003000000                memcpy32
 .iwram         0x0000000003000038       0x4c C:\devkitpro/libtonc/lib\libtonc.a(tonc_memset.o)
                0x0000000003000038                memset32
 *iwram.*(.text* .data*)
                0x0000000003000084                . = ALIGN (0x4)
                0x0000000003000084                __iwram_end__ = ABSOLUTE (.)
                0x0000000008002da4                __data_lma = (__iwram_lma + SIZEOF (.iwram))

.rel.dyn        0x0000000003000084        0x0 load address 0x0000000008002da4
 .rel.iplt      0x0000000003000084        0x0 c:/devkitpro/devkitarm/bin/../lib/gcc/arm-none-eabi/11.1.0/../../../../arm-none-eabi/lib/thumb/gba_crt0.o

.bss            0x0000000003000084     0x18b4
                0x0000000003000084                __bss_start = ABSOLUTE (.)
                0x0000000003000084                __bss_start__ = ABSOLUTE (.)
 *(.dynbss)
 *(.gnu.linkonce.b*)
 *(.bss*)
 .bss.completed.1
                0x0000000003000084        0x1 c:/devkitpro/devkitarm/bin/../lib/gcc/arm-none-eabi/11.1.0/thumb/crtbegin.o
 *fill*         0x0000000003000085        0x3 
 .bss.object.0  0x0000000003000088       0x18 c:/devkitpro/devkitarm/bin/../lib/gcc/arm-none-eabi/11.1.0/thumb/crtbegin.o
 .bss           0x00000000030000a0      0x400 global.o
                0x00000000030000a0                obj_buffer
 .bss           0x00000000030004a0     0x1400 room.o
                0x00000000030004a0                nodes
 .bss           0x00000000030018a0        0x4 C:\devkitpro/libtonc/lib\libtonc.a(tonc_input.o)
                0x00000000030018a0                __key_curr
                0x00000000030018a2                __key_prev
 .bss.fake_heap_end
                0x00000000030018a4        0x4 c:/devkitpro/devkitarm/bin/../lib/gcc/arm-none-eabi/11.1.0/../../../../arm-none-eabi/lib/thumb\libsysbase.a(malloc_vars.o)
                0x00000000030018a4                fake_heap_end
 .bss.__syscalls
                0x00000000030018a8       0x48 c:/devkitpro/devkitarm/bin/../lib/gcc/arm-none-eabi/11.1.0/../../../../arm-none-eabi/lib/thumb\libsysbase.a(syscall_support.o)
                0x00000000030018a8                __syscalls
 *(COMMON)
 COMMON         0x00000000030018f0       0x48 C:\devkitpro/libtonc/lib\libtonc.a(tte_main.o)
                0x00000000030018f0                __tte_main_context
                0x0000000003001938                . = ALIGN (0x4)
                0x0000000003001938                __bss_end__ = ABSOLUTE (.)

.data           0x0000000003001938      0x470 load address 0x0000000008002da4
                0x0000000003001938                __data_start__ = ABSOLUTE (.)
 *(.data*)
 .data          0x0000000003001938        0x8 C:\devkitpro/libtonc/lib\libtonc.a(tonc_input.o)
                0x0000000003001938                __key_rpt
 .data          0x0000000003001940        0x4 C:\devkitpro/libtonc/lib\libtonc.a(tte_main.o)
                0x0000000003001940                gp_tte_context
 .data._impure_ptr
                0x0000000003001944        0x4 c:/devkitpro/devkitarm/bin/../lib/gcc/arm-none-eabi/11.1.0/../../../../arm-none-eabi/lib/thumb\libg.a(lib_a-impure.o)
                0x0000000003001944                _impure_ptr
 .data.impure_data
                0x0000000003001948      0x460 c:/devkitpro/devkitarm/bin/../lib/gcc/arm-none-eabi/11.1.0/../../../../arm-none-eabi/lib/thumb\libg.a(lib_a-impure.o)
 *(.gnu.linkonce.d*)
                0x0000000003001da8                . = ALIGN (0x4)
                0x0000000008003214                __preinit_lma = (__data_lma + SIZEOF (.data))

.igot.plt       0x0000000003001da8        0x0 load address 0x0000000008003214
 .igot.plt      0x0000000003001da8        0x0 c:/devkitpro/devkitarm/bin/../lib/gcc/arm-none-eabi/11.1.0/../../../../arm-none-eabi/lib/thumb/gba_crt0.o

.preinit_array  0x0000000003001da8        0x0 load address 0x0000000008003214
                0x0000000003001da8                __preinit_array_start = ABSOLUTE (.)
 *(.preinit_array)
                0x0000000003001da8                __preinit_array_end = ABSOLUTE (.)
                0x0000000008003214                __init_lma = (__preinit_lma + SIZEOF (.preinit_array))

.init_array     0x0000000003001da8        0x4 load address 0x0000000008003214
                0x0000000003001da8                __init_array_start = ABSOLUTE (.)
 *(SORT_BY_NAME(.init_array.*))
 *(.init_array)
 .init_array    0x0000000003001da8        0x4 c:/devkitpro/devkitarm/bin/../lib/gcc/arm-none-eabi/11.1.0/thumb/crtbegin.o
                0x0000000003001dac                __init_array_end = ABSOLUTE (.)
                0x0000000008003218                __fini_lma = (__init_lma + SIZEOF (.init_array))

.fini_array     0x0000000003001dac        0x4 load address 0x0000000008003218
                0x0000000003001dac                __fini_array_start = ABSOLUTE (.)
 *(SORT_BY_NAME(.fini_array.*))
 *(.fini_array)
 .fini_array    0x0000000003001dac        0x4 c:/devkitpro/devkitarm/bin/../lib/gcc/arm-none-eabi/11.1.0/thumb/crtbegin.o
                0x0000000003001db0                __fini_array_end = ABSOLUTE (.)
                0x000000000800321c                __jcr_lma = (__fini_lma + SIZEOF (.fini_array))

.jcr            0x0000000003001db0        0x0 load address 0x000000000800321c
 *(.jcr)
                0x0000000003001db0                __data_end__ = ABSOLUTE (.)
                0x000000000800321c                __iwram_overlay_lma = (__jcr_lma + SIZEOF (.jcr))
                0x0000000003001db0                __iwram_overlay_start = .

.iwram0         0x0000000003001db0        0x0 load address 0x000000000800321c
 *(.iwram0)
                0x0000000003001db0                . = ALIGN (0x4)
                0x000000000800321c                PROVIDE (__load_start_iwram0 = LOADADDR (.iwram0))
                0x000000000800321c                PROVIDE (__load_stop_iwram0 = (LOADADDR (.iwram0) + SIZEOF (.iwram0)))

.iwram1         0x0000000003001db0        0x0
 *(.iwram1)
                0x0000000003001db0                . = ALIGN (0x4)
                [!provide]                        PROVIDE (__load_start_iwram1 = LOADADDR (.iwram1))
                [!provide]                        PROVIDE (__load_stop_iwram1 = (LOADADDR (.iwram1) + SIZEOF (.iwram1)))

.iwram2         0x0000000003001db0        0x0
 *(.iwram2)
                0x0000000003001db0                . = ALIGN (0x4)
                [!provide]                        PROVIDE (__load_start_iwram2 = LOADADDR (.iwram2))
                [!provide]                        PROVIDE (__load_stop_iwram2 = (LOADADDR (.iwram2) + SIZEOF (.iwram2)))

.iwram3         0x0000000003001db0        0x0
 *(.iwram3)
                0x0000000003001db0                . = ALIGN (0x4)
                [!provide]                        PROVIDE (__load_start_iwram3 = LOADADDR (.iwram3))
                [!provide]                        PROVIDE (__load_stop_iwram3 = (LOADADDR (.iwram3) + SIZEOF (.iwram3)))

.iwram4         0x0000000003001db0        0x0
 *(.iwram4)
                0x0000000003001db0                . = ALIGN (0x4)
                [!provide]                        PROVIDE (__load_start_iwram4 = LOADADDR (.iwram4))
                [!provide]                        PROVIDE (__load_stop_iwram4 = (LOADADDR (.iwram4) + SIZEOF (.iwram4)))

.iwram5         0x0000000003001db0        0x0
 *(.iwram5)
                0x0000000003001db0                . = ALIGN (0x4)
                [!provide]                        PROVIDE (__load_start_iwram5 = LOADADDR (.iwram5))
                [!provide]                        PROVIDE (__load_stop_iwram5 = (LOADADDR (.iwram5) + SIZEOF (.iwram5)))

.iwram6         0x0000000003001db0        0x0
 *(.iwram6)
                0x0000000003001db0                . = ALIGN (0x4)
                [!provide]                        PROVIDE (__load_start_iwram6 = LOADADDR (.iwram6))
                [!provide]                        PROVIDE (__load_stop_iwram6 = (LOADADDR (.iwram6) + SIZEOF (.iwram6)))

.iwram7         0x0000000003001db0        0x0
 *(.iwram7)
                0x0000000003001db0                . = ALIGN (0x4)
                [!provide]                        PROVIDE (__load_start_iwram7 = LOADADDR (.iwram7))
                [!provide]                        PROVIDE (__load_stop_iwram7 = (LOADADDR (.iwram7) + SIZEOF (.iwram7)))

.iwram8         0x0000000003001db0        0x0
 *(.iwram8)
                0x0000000003001db0                . = ALIGN (0x4)
                [!provide]                        PROVIDE (__load_start_iwram8 = LOADADDR (.iwram8))
                [!provide]                        PROVIDE (__load_stop_iwram8 = (LOADADDR (.iwram8) + SIZEOF (.iwram8)))

.iwram9         0x0000000003001db0        0x0
 *(.iwram9)
                0x0000000003001db0                . = ALIGN (0x4)
                [!provide]                        PROVIDE (__load_start_iwram9 = LOADADDR (.iwram9))
                [!provide]                        PROVIDE (__load_stop_iwram9 = (LOADADDR (.iwram9) + SIZEOF (.iwram9)))
                0x0000000003001db0                __iwram_overlay_end = .
                0x000000000800321c                __ewram_lma = (__iwram_overlay_lma + (__iwram_overlay_end - __iwram_overlay_start))
                0x0000000003001db0                __iheap_start = .
                0x0000000002000000                __ewram_start = ORIGIN (ewram)

.ewram          0x0000000002000000        0x0 load address 0x000000000800321c
 *(.ewram*)
                0x0000000002000000                . = ALIGN (0x4)
                0x0000000002000000                __ewram_end = ABSOLUTE (.)
                0x000000000800321c                __pad_lma = (__ewram_lma + SIZEOF (.ewram))

.sbss           0x0000000002000000        0x0
                0x0000000002000000                __sbss_start__ = ABSOLUTE (.)
 *(.sbss*)
                0x0000000002000000                . = ALIGN (0x4)
                0x0000000002000000                __sbss_end__ = ABSOLUTE (.)
                0x0000000002000000                __end__ = ABSOLUTE (.)
                0x0000000002000000                __eheap_start = ABSOLUTE (.)

.pad            0x0000000002000000        0x8 load address 0x000000000800321c
                0x0000000002000000        0x4 LONG 0x52416b64
                0x0000000002000004        0x4 LONG 0x4d
                0x0000000002000008                . = ALIGN (0x4)
                0x0000000008003224                __rom_end__ = (__pad_lma + SIZEOF (.pad))

.stab
 *(.stab)

.stabstr
 *(.stabstr)

.stab.excl
 *(.stab.excl)

.stab.exclstr
 *(.stab.exclstr)

.stab.index
 *(.stab.index)

.stab.indexstr
 *(.stab.indexstr)

.comment        0x0000000000000000       0x45
 *(.comment)
 .comment       0x0000000000000000       0x23 c:/devkitpro/devkitarm/bin/../lib/gcc/arm-none-eabi/11.1.0/thumb/crtbegin.o
                                         0x24 (size before relaxing)
 .comment       0x0000000000000023       0x24 global.o
 .comment       0x0000000000000023       0x24 home.o
 .comment       0x0000000000000023       0x24 main.o
 .comment       0x0000000000000023       0x24 node.o
 .comment       0x0000000000000023       0x24 room.o
 .comment       0x0000000000000023       0x22 C:\devkitpro/libtonc/lib\libtonc.a(tonc_oam.o)
                                         0x23 (size before relaxing)
 .comment       0x0000000000000045       0x23 C:\devkitpro/libtonc/lib\libtonc.a(tonc_input.o)
 .comment       0x0000000000000045       0x23 C:\devkitpro/libtonc/lib\libtonc.a(tte_main.o)
 .comment       0x0000000000000045       0x23 C:\devkitpro/libtonc/lib\libtonc.a(tte_init_se.o)
 .comment       0x0000000000000045       0x23 C:\devkitpro/libtonc/lib\libtonc.a(tonc_surface.o)
 .comment       0x0000000000000045       0x23 C:\devkitpro/libtonc/lib\libtonc.a(se_drawg.o)
 .comment       0x0000000000000045       0x23 C:\devkitpro/libtonc/lib\libtonc.a(tonc_sbmp16.o)
 .comment       0x0000000000000045       0x24 c:/devkitpro/devkitarm/bin/../lib/gcc/arm-none-eabi/11.1.0/../../../../arm-none-eabi/lib/thumb\libg.a(lib_a-ctype_.o)
 .comment       0x0000000000000045       0x24 c:/devkitpro/devkitarm/bin/../lib/gcc/arm-none-eabi/11.1.0/../../../../arm-none-eabi/lib/thumb\libg.a(lib_a-init.o)
 .comment       0x0000000000000045       0x24 c:/devkitpro/devkitarm/bin/../lib/gcc/arm-none-eabi/11.1.0/../../../../arm-none-eabi/lib/thumb\libg.a(lib_a-memset.o)
 .comment       0x0000000000000045       0x24 c:/devkitpro/devkitarm/bin/../lib/gcc/arm-none-eabi/11.1.0/../../../../arm-none-eabi/lib/thumb\libg.a(lib_a-rand.o)
 .comment       0x0000000000000045       0x24 c:/devkitpro/devkitarm/bin/../lib/gcc/arm-none-eabi/11.1.0/../../../../arm-none-eabi/lib/thumb\libg.a(lib_a-strtol.o)
 .comment       0x0000000000000045       0x24 c:/devkitpro/devkitarm/bin/../lib/gcc/arm-none-eabi/11.1.0/../../../../arm-none-eabi/lib/thumb\libg.a(lib_a-time.o)
 .comment       0x0000000000000045       0x24 c:/devkitpro/devkitarm/bin/../lib/gcc/arm-none-eabi/11.1.0/../../../../arm-none-eabi/lib/thumb\libg.a(lib_a-errno.o)
 .comment       0x0000000000000045       0x24 c:/devkitpro/devkitarm/bin/../lib/gcc/arm-none-eabi/11.1.0/../../../../arm-none-eabi/lib/thumb\libsysbase.a(gettod.o)
 .comment       0x0000000000000045       0x24 c:/devkitpro/devkitarm/bin/../lib/gcc/arm-none-eabi/11.1.0/../../../../arm-none-eabi/lib/thumb\libsysbase.a(malloc_vars.o)
 .comment       0x0000000000000045       0x24 c:/devkitpro/devkitarm/bin/../lib/gcc/arm-none-eabi/11.1.0/../../../../arm-none-eabi/lib/thumb\libsysbase.a(syscall_support.o)
 .comment       0x0000000000000045       0x24 c:/devkitpro/devkitarm/bin/../lib/gcc/arm-none-eabi/11.1.0/../../../../arm-none-eabi/lib/thumb\libsysbase.a(getreent.o)
 .comment       0x0000000000000045       0x24 c:/devkitpro/devkitarm/bin/../lib/gcc/arm-none-eabi/11.1.0/../../../../arm-none-eabi/lib/thumb\libg.a(lib_a-impure.o)
 .comment       0x0000000000000045       0x24 c:/devkitpro/devkitarm/bin/../lib/gcc/arm-none-eabi/11.1.0/thumb/crtend.o

.debug
 *(.debug)

.line
 *(.line)

.debug_srcinfo
 *(.debug_srcinfo)

.debug_sfnames
 *(.debug_sfnames)

.debug_aranges  0x0000000000000000       0x98
 *(.debug_aranges)
 .debug_aranges
                0x0000000000000000       0x18 global.o
 .debug_aranges
                0x0000000000000018       0x20 home.o
 .debug_aranges
                0x0000000000000038       0x20 main.o
 .debug_aranges
                0x0000000000000058       0x20 node.o
 .debug_aranges
                0x0000000000000078       0x20 room.o

.debug_pubnames
 *(.debug_pubnames)

.debug_info     0x0000000000000000     0x1eb2
 *(.debug_info)
 .debug_info    0x0000000000000000      0x209 global.o
 .debug_info    0x0000000000000209      0x6ca home.o
 .debug_info    0x00000000000008d3      0x161 main.o
 .debug_info    0x0000000000000a34      0x8f3 node.o
 .debug_info    0x0000000000001327      0xb8b room.o

.debug_abbrev   0x0000000000000000      0xc43
 *(.debug_abbrev)
 .debug_abbrev  0x0000000000000000       0xf1 global.o
 .debug_abbrev  0x00000000000000f1      0x321 home.o
 .debug_abbrev  0x0000000000000412       0xeb main.o
 .debug_abbrev  0x00000000000004fd      0x33a node.o
 .debug_abbrev  0x0000000000000837      0x40c room.o

.debug_line     0x0000000000000000      0xb64
 *(.debug_line)
 .debug_line    0x0000000000000000       0x9b global.o
 .debug_line    0x000000000000009b      0x1c4 home.o
 .debug_line    0x000000000000025f      0x1b2 main.o
 .debug_line    0x0000000000000411      0x4e6 node.o
 .debug_line    0x00000000000008f7      0x26d room.o

.debug_frame    0x0000000000000000      0x1d0
 *(.debug_frame)
 .debug_frame   0x0000000000000000       0x64 home.o
 .debug_frame   0x0000000000000064       0x28 main.o
 .debug_frame   0x000000000000008c       0xd0 node.o
 .debug_frame   0x000000000000015c       0x74 room.o

.debug_str      0x0000000000000000      0x756
 *(.debug_str)
 .debug_str     0x0000000000000000      0x20a global.o
                                        0x243 (size before relaxing)
 .debug_str     0x000000000000020a      0x224 home.o
                                        0x370 (size before relaxing)
 .debug_str     0x000000000000042e       0x6f main.o
                                        0x19b (size before relaxing)
 .debug_str     0x000000000000049d      0x206 node.o
                                        0x367 (size before relaxing)
 .debug_str     0x00000000000006a3       0xb3 room.o
                                        0x569 (size before relaxing)

.debug_loc
 *(.debug_loc)

.debug_macinfo
 *(.debug_macinfo)

.debug_weaknames
 *(.debug_weaknames)

.debug_funcnames
 *(.debug_funcnames)

.debug_typenames
 *(.debug_typenames)

.debug_varnames
 *(.debug_varnames)

.stack          0x0000000000080000        0x0
                0x0000000000080000                _stack = .
 *(.stack)

.note.gnu.arm.ident
 *(.note.gnu.arm.ident)

.ARM.attributes
                0x0000000000000000       0x2c
 *(.ARM.attributes)
 .ARM.attributes
                0x0000000000000000       0x20 c:/devkitpro/devkitarm/bin/../lib/gcc/arm-none-eabi/11.1.0/../../../../arm-none-eabi/lib/thumb/gba_crt0.o
 .ARM.attributes
                0x0000000000000020       0x1c c:/devkitpro/devkitarm/bin/../lib/gcc/arm-none-eabi/11.1.0/thumb/crti.o
 .ARM.attributes
                0x000000000000003c       0x2a c:/devkitpro/devkitarm/bin/../lib/gcc/arm-none-eabi/11.1.0/thumb/crtbegin.o
 .ARM.attributes
                0x0000000000000066       0x30 global.o
 .ARM.attributes
                0x0000000000000096       0x2a home.o
 .ARM.attributes
                0x00000000000000c0       0x2a main.o
 .ARM.attributes
                0x00000000000000ea       0x2a node.o
 .ARM.attributes
                0x0000000000000114       0x2a room.o
 .ARM.attributes
                0x000000000000013e       0x2a C:\devkitpro/libtonc/lib\libtonc.a(tonc_oam.o)
 .ARM.attributes
                0x0000000000000168       0x2a C:\devkitpro/libtonc/lib\libtonc.a(tonc_input.o)
 .ARM.attributes
                0x0000000000000192       0x2a C:\devkitpro/libtonc/lib\libtonc.a(tte_main.o)
 .ARM.attributes
                0x00000000000001bc       0x2a C:\devkitpro/libtonc/lib\libtonc.a(tte_init_se.o)
 .ARM.attributes
                0x00000000000001e6       0x1a C:\devkitpro/libtonc/lib\libtonc.a(tonc_bios.o)
 .ARM.attributes
                0x0000000000000200       0x1a C:\devkitpro/libtonc/lib\libtonc.a(tonc_memcpy.o)
 .ARM.attributes
                0x000000000000021a       0x1a C:\devkitpro/libtonc/lib\libtonc.a(tonc_bios_ex.o)
 .ARM.attributes
                0x0000000000000234       0x1a C:\devkitpro/libtonc/lib\libtonc.a(sys8.o)
 .ARM.attributes
                0x000000000000024e       0x2a C:\devkitpro/libtonc/lib\libtonc.a(tonc_surface.o)
 .ARM.attributes
                0x0000000000000278       0x2a C:\devkitpro/libtonc/lib\libtonc.a(se_drawg.o)
 .ARM.attributes
                0x00000000000002a2       0x2a C:\devkitpro/libtonc/lib\libtonc.a(tonc_sbmp16.o)
 .ARM.attributes
                0x00000000000002cc       0x1a C:\devkitpro/libtonc/lib\libtonc.a(tonc_memset.o)
 .ARM.attributes
                0x00000000000002e6       0x1a C:/hemerson/Projetos/games/gba/game\libgfx.a(ball.o)
 .ARM.attributes
                0x0000000000000300       0x1a C:/hemerson/Projetos/games/gba/game\libgfx.a(char.o)
 .ARM.attributes
                0x000000000000031a       0x1c c:/devkitpro/devkitarm/bin/../lib/gcc/arm-none-eabi/11.1.0/thumb\libgcc.a(_divsi3.o)
 .ARM.attributes
                0x0000000000000336       0x1c c:/devkitpro/devkitarm/bin/../lib/gcc/arm-none-eabi/11.1.0/thumb\libgcc.a(_dvmd_tls.o)
 .ARM.attributes
                0x0000000000000352       0x2a c:/devkitpro/devkitarm/bin/../lib/gcc/arm-none-eabi/11.1.0/../../../../arm-none-eabi/lib/thumb\libg.a(lib_a-ctype_.o)
 .ARM.attributes
                0x000000000000037c       0x2a c:/devkitpro/devkitarm/bin/../lib/gcc/arm-none-eabi/11.1.0/../../../../arm-none-eabi/lib/thumb\libg.a(lib_a-init.o)
 .ARM.attributes
                0x00000000000003a6       0x2a c:/devkitpro/devkitarm/bin/../lib/gcc/arm-none-eabi/11.1.0/../../../../arm-none-eabi/lib/thumb\libg.a(lib_a-memset.o)
 .ARM.attributes
                0x00000000000003d0       0x2a c:/devkitpro/devkitarm/bin/../lib/gcc/arm-none-eabi/11.1.0/../../../../arm-none-eabi/lib/thumb\libg.a(lib_a-rand.o)
 .ARM.attributes
                0x00000000000003fa       0x2a c:/devkitpro/devkitarm/bin/../lib/gcc/arm-none-eabi/11.1.0/../../../../arm-none-eabi/lib/thumb\libg.a(lib_a-strtol.o)
 .ARM.attributes
                0x0000000000000424       0x2a c:/devkitpro/devkitarm/bin/../lib/gcc/arm-none-eabi/11.1.0/../../../../arm-none-eabi/lib/thumb\libg.a(lib_a-time.o)
 .ARM.attributes
                0x000000000000044e       0x2a c:/devkitpro/devkitarm/bin/../lib/gcc/arm-none-eabi/11.1.0/../../../../arm-none-eabi/lib/thumb\libg.a(lib_a-errno.o)
 .ARM.attributes
                0x0000000000000478       0x2a c:/devkitpro/devkitarm/bin/../lib/gcc/arm-none-eabi/11.1.0/../../../../arm-none-eabi/lib/thumb\libsysbase.a(gettod.o)
 .ARM.attributes
                0x00000000000004a2       0x30 c:/devkitpro/devkitarm/bin/../lib/gcc/arm-none-eabi/11.1.0/../../../../arm-none-eabi/lib/thumb\libsysbase.a(malloc_vars.o)
 .ARM.attributes
                0x00000000000004d2       0x2a c:/devkitpro/devkitarm/bin/../lib/gcc/arm-none-eabi/11.1.0/../../../../arm-none-eabi/lib/thumb\libsysbase.a(syscall_support.o)
 .ARM.attributes
                0x00000000000004fc       0x2a c:/devkitpro/devkitarm/bin/../lib/gcc/arm-none-eabi/11.1.0/../../../../arm-none-eabi/lib/thumb\libsysbase.a(getreent.o)
 .ARM.attributes
                0x0000000000000526       0x1c c:/devkitpro/devkitarm/bin/../lib/gcc/arm-none-eabi/11.1.0/thumb\libgcc.a(_udivsi3.o)
 .ARM.attributes
                0x0000000000000542       0x2a c:/devkitpro/devkitarm/bin/../lib/gcc/arm-none-eabi/11.1.0/thumb\libgcc.a(_muldi3.o)
 .ARM.attributes
                0x000000000000056c       0x30 c:/devkitpro/devkitarm/bin/../lib/gcc/arm-none-eabi/11.1.0/../../../../arm-none-eabi/lib/thumb\libg.a(lib_a-impure.o)
 .ARM.attributes
                0x000000000000059c       0x30 c:/devkitpro/devkitarm/bin/../lib/gcc/arm-none-eabi/11.1.0/thumb/crtend.o
 .ARM.attributes
                0x00000000000005cc       0x1c c:/devkitpro/devkitarm/bin/../lib/gcc/arm-none-eabi/11.1.0/thumb/crtn.o

/DISCARD/
 *(.note.GNU-stack)
LOAD c:/devkitpro/devkitarm/bin/../lib/gcc/arm-none-eabi/11.1.0/../../../../arm-none-eabi/lib/thumb/gba_crt0.o
LOAD c:/devkitpro/devkitarm/bin/../lib/gcc/arm-none-eabi/11.1.0/thumb/crti.o
LOAD c:/devkitpro/devkitarm/bin/../lib/gcc/arm-none-eabi/11.1.0/thumb/crtbegin.o
LOAD global.o
LOAD home.o
LOAD main.o
LOAD node.o
LOAD room.o
LOAD C:\devkitpro/libgba/lib\libmm.a
LOAD C:\devkitpro/libtonc/lib\libtonc.a
LOAD C:/hemerson/Projetos/games/gba/game\libgfx.a
START GROUP
LOAD c:/devkitpro/devkitarm/bin/../lib/gcc/arm-none-eabi/11.1.0/thumb\libgcc.a
LOAD c:/devkitpro/devkitarm/bin/../lib/gcc/arm-none-eabi/11.1.0/../../../../arm-none-eabi/lib/thumb\libg.a
LOAD c:/devkitpro/devkitarm/bin/../lib/gcc/arm-none-eabi/11.1.0/../../../../arm-none-eabi/lib/thumb\libc.a
LOAD c:/devkitpro/devkitarm/bin/../lib/gcc/arm-none-eabi/11.1.0/../../../../arm-none-eabi/lib/thumb\libsysbase.a
END GROUP
LOAD c:/devkitpro/devkitarm/bin/../lib/gcc/arm-none-eabi/11.1.0/thumb/crtend.o
LOAD c:/devkitpro/devkitarm/bin/../lib/gcc/arm-none-eabi/11.1.0/thumb/crtn.o
OUTPUT(C:/hemerson/Projetos/games/gba/game/game.elf elf32-littlearm)
LOAD linker stubs

.debug_loclists
                0x0000000000000000      0x6c6
 .debug_loclists
                0x0000000000000000       0x22 home.o
 .debug_loclists
                0x0000000000000022       0x33 main.o
 .debug_loclists
                0x0000000000000055      0x623 node.o
 .debug_loclists
                0x0000000000000678       0x4e room.o

.debug_rnglists
                0x0000000000000000      0x120
 .debug_rnglists
                0x0000000000000000       0x32 home.o
 .debug_rnglists
                0x0000000000000032       0x13 main.o
 .debug_rnglists
                0x0000000000000045       0xb9 node.o
 .debug_rnglists
                0x00000000000000fe       0x22 room.o
